support_resistance_model_trade_report/trades_report_nifty_realty.csv
stock,buy_date,sell_date,buy_price,sell_price,quantity,profit,profit_percent
OBEROIRLTY,2019-10-22,2019-10-23,510.0,492.25,392.0,-6958.0,-0.03480392156862745
DLF,2019-10-23,2019-10-25,175.7,180.6,1138.0,5576.200000000012,0.027888446215139476
DLF,2019-10-27,2019-10-29,179.5,180.45,1114.0,1058.2999999999884,0.005292479108635034
OBEROIRLTY,2019-10-24,2019-10-30,500.0,494.0,400.0,-2400.0,-0.012
DLF,2019-10-30,2019-10-31,182.5,183.8,1095.0,1423.5,0.007123287671232939
DLF,2019-11-01,2019-11-04,185.2,184.0,1079.0,-1294.7999999999884,-0.006479481641468622
OBEROIRLTY,2019-10-31,2019-11-04,505.15,498.5,395.0,-2626.75,-0.013164406611897411
DLF,2019-11-05,2019-11-07,184.2,192.0,1085.0,8463.0,0.04234527687296424
OBEROIRLTY,2019-11-05,2019-11-08,500.0,514.6,400.0,5840.0,0.029200000000000045
DLF,2019-11-08,2019-11-11,202.85,208.0,985.0,5072.75,0.02538821789499633
GODREJPROP,2019-11-11,2019-11-13,945.0,934.9,211.0,-2131.100000000006,-0.010687830687830711
OBEROIRLTY,2019-11-11,2019-11-13,519.75,518.0,384.0,-672.0,-0.003367003367003367
DLF,2019-11-14,2019-11-15,209.35,211.95,955.0,2483.0,0.012419393360401215
OBEROIRLTY,2019-11-14,2019-11-15,513.5,509.85,389.0,-1419.8499999999767,-0.007108081791626051
DLF,2019-11-18,2019-11-19,216.5,215.9,923.0,-553.7999999999884,-0.0027713625866050548
OBEROIRLTY,2019-11-18,2019-11-19,507.0,514.25,394.0,2856.5,0.014299802761341223
DLF,2019-11-21,2019-11-27,216.7,215.6,922.0,-1014.2000000000116,-0.00507614213197967
OBEROIRLTY,2019-11-20,2019-11-27,513.0,497.65,389.0,-5971.150000000023,-0.029922027290448388
GODREJPROP,2019-11-19,2019-11-29,882.6,911.05,226.0,6429.6999999999825,0.03223430772716965
OBEROIRLTY,2019-11-28,2019-11-29,507.8,516.2,393.0,3301.2000000000116,0.01654194564789294
OBEROIRLTY,2019-12-02,2019-12-03,511.9,540.0,390.0,10959.0,0.05489353389333859
DLF,2019-11-28,2019-12-09,218.25,216.25,916.0,-1832.0,-0.009163802978235968
GODREJPROP,2019-12-02,2019-12-12,890.0,939.6,224.0,11110.399999999994,0.05573033707865171
OBEROIRLTY,2019-12-11,2019-12-13,509.6,522.05,392.0,4880.399999999965,0.024430926216640367
OBEROIRLTY,2019-12-17,2019-12-18,514.3,518.0,388.0,1435.6000000000058,0.007194244604316636
GODREJPROP,2019-12-19,2019-12-20,937.0,946.0,213.0,1917.0,0.0096051227321238
OBEROIRLTY,2019-12-19,2019-12-20,519.55,515.2,384.0,-1670.399999999965,-0.00837263016071583
GODREJPROP,2019-12-23,2019-12-24,946.3,939.6,211.0,-1413.6999999999825,-0.007080207122476944
OBEROIRLTY,2019-12-30,2019-12-31,530.0,530.7,377.0,263.9000000000233,0.0013207547169812178
OBEROIRLTY,2020-01-02,2020-01-03,529.5,525.4,377.0,-1545.7000000000116,-0.0077431539187913555
OBEROIRLTY,2020-01-06,2020-01-07,515.0,516.55,388.0,601.3999999999942,0.0030097087378639894
OBEROIRLTY,2020-01-08,2020-01-09,510.8,521.0,391.0,3988.1999999999825,0.019968676585747823
GODREJPROP,2020-01-08,2020-01-13,949.85,982.0,210.0,6751.5,0.03384744959730481
OBEROIRLTY,2020-02-01,2020-02-03,515.6,526.15,387.0,4082.8499999999767,0.020461598138091456
OBEROIRLTY,2020-02-05,2020-02-06,533.3,537.0,375.0,1387.500000000029,0.006937933620851389
OBEROIRLTY,2020-02-07,2020-02-10,534.0,525.0,374.0,-3366.0,-0.016853932584269662
OBEROIRLTY,2020-02-11,2020-02-12,518.0,520.0,386.0,772.0,0.003861003861003861
OBEROIRLTY,2020-02-13,2020-02-18,520.2,518.0,384.0,-844.8000000000175,-0.004229142637447223
DLF,2020-02-17,2020-02-19,219.5,228.2,911.0,7925.6999999999825,0.03963553530751703
OBEROIRLTY,2020-02-19,2020-02-20,510.0,519.7,392.0,3802.4000000000233,0.019019607843137346
DLF,2020-02-20,2020-02-24,220.0,212.4,909.0,-6908.399999999994,-0.03454545454545452
OBEROIRLTY,2020-02-24,2020-02-25,519.0,520.0,385.0,385.0,0.0019267822736030828
DLF,2020-02-25,2020-02-26,217.0,211.8,921.0,-4789.1999999999825,-0.02396313364055294
OBEROIRLTY,2020-02-26,2020-02-27,513.1,519.0,389.0,2295.0999999999767,0.01149873319041118
OBEROIRLTY,2020-02-28,2020-03-02,510.1,514.85,392.0,1862.0,0.009311899627524014
OBEROIRLTY,2020-03-04,2020-03-05,504.75,495.05,396.0,-3841.1999999999825,-0.01921743437345218
GODREJPROP,2020-03-05,2020-03-06,954.0,913.05,209.0,-8558.550000000017,-0.04292452830188684
DLF,2020-03-06,2020-03-09,194.5,181.35,1028.0,-13518.200000000012,-0.06760925449871469
OBEROIRLTY,2020-03-06,2020-03-09,498.8,494.5,400.0,-1720.0,-0.008620689655172436
GODREJPROP,2020-03-09,2020-03-12,903.0,856.0,221.0,-10387.0,-0.05204872646733112
OBEROIRLTY,2020-03-12,2020-03-13,450.2,453.2,444.0,1332.0,0.006663705019991115
DLF,2020-03-12,2020-03-16,157.0,149.1,1273.0,-10056.700000000012,-0.050318471337579655
DLF,2020-03-17,2020-03-19,145.3,130.3,1376.0,-20640.0,-0.1032346868547832
DLF,2020-03-20,2020-03-23,141.0,127.9,1418.0,-18575.79999999999,-0.09290780141843967
GODREJPROP,2020-03-18,2020-03-23,700.25,560.0,285.0,-39971.25,-0.2002856122813281
OBEROIRLTY,2020-03-16,2020-03-23,450.0,410.0,444.0,-17760.0,-0.08888888888888889
GODREJPROP,2020-03-25,2020-03-26,645.0,703.45,310.0,18119.5,0.09062015503875977
OBEROIRLTY,2020-03-26,2020-03-27,385.15,361.0,519.0,-12533.849999999977,-0.062702843048163
GODREJPROP,2020-03-27,2020-03-30,679.0,592.0,294.0,-25578.0,-0.12812960235640647
GODREJPROP,2020-04-07,2020-04-15,700.0,652.0,285.0,-13680.0,-0.06857142857142857
DLF,2020-03-31,2020-04-24,136.8,128.5,1461.0,-12126.300000000017,-0.06067251461988312
OBEROIRLTY,2020-04-16,2020-04-24,352.0,317.7,568.0,-19482.399999999994,-0.09744318181818185
GODREJPROP,2020-04-16,2020-05-04,690.0,618.85,289.0,-20562.350000000006,-0.10311594202898547
GODREJPROP,2020-05-05,2020-05-19,614.0,582.0,325.0,-10400.0,-0.05211726384364821
GODREJPROP,2020-05-20,2020-05-27,598.35,637.5,334.0,13076.100000000006,0.06542993231386308
DLF,2020-04-27,2020-06-01,132.8,151.75,1506.0,28538.699999999983,0.14269578313253004
GODREJPROP,2020-05-29,2020-06-01,686.0,715.7,291.0,8642.700000000012,0.04329446064139948
GODREJPROP,2020-06-03,2020-06-04,833.0,790.0,240.0,-10320.0,-0.05162064825930372
DLF,2020-06-02,2020-06-08,156.85,153.45,1275.0,-4335.0,-0.02167676123685053
DLF,2020-06-09,2020-06-11,153.5,150.95,1302.0,-3320.100000000006,-0.01661237785016294
DLF,2020-06-15,2020-06-16,146.3,146.3,1367.0,0.0,0.0
OBEROIRLTY,2020-05-22,2020-06-16,293.0,356.0,682.0,42966.0,0.2150170648464164
GODREJPROP,2020-06-09,2020-06-22,835.0,913.75,239.0,18821.25,0.09431137724550898
OBEROIRLTY,2020-06-17,2020-06-23,360.0,388.8,555.0,15984.0,0.08000000000000003
DLF,2020-06-18,2020-06-24,148.05,159.8,1350.0,15862.5,0.07936507936507936
GODREJPROP,2020-06-23,2020-06-26,900.4,868.05,222.0,-7181.700000000012,-0.03592847623278545
DLF,2020-06-25,2020-06-29,157.45,151.5,1270.0,-7556.5,-0.037789774531597264
OBEROIRLTY,2020-06-25,2020-06-29,388.0,363.3,515.0,-12720.5,-0.06365979381443296
GODREJPROP,2020-06-29,2020-06-30,841.05,862.5,237.0,5083.650000000023,0.025503834492598593
DLF,2020-06-30,2020-07-02,148.7,153.2,1344.0,6048.0,0.030262273032952255
OBEROIRLTY,2020-06-30,2020-07-02,364.25,360.1,549.0,-2278.3499999999767,-0.011393273850377425
DLF,2020-07-03,2020-07-07,151.35,152.2,1321.0,1122.8499999999767,0.005616121572514003
GODREJPROP,2020-07-02,2020-07-07,869.4,878.0,230.0,1978.0,0.009891879457096875
DLF,2020-07-08,2020-07-09,146.5,146.7,1365.0,272.9999999999709,0.0013651877133105026
DLF,2020-07-10,2020-07-14,147.05,139.6,1360.0,-10132.00000000003,-0.05066303978238706
GODREJPROP,2020-07-08,2020-07-20,876.15,877.0,228.0,193.80000000001746,0.0009701535125264198
OBEROIRLTY,2020-07-10,2020-07-24,365.5,388.65,547.0,12663.049999999988,0.06333789329685356
GODREJPROP,2020-07-21,2020-07-27,896.05,871.45,223.0,-5485.799999999988,-0.027453825121365894
GODREJPROP,2020-07-28,2020-07-30,879.3,868.75,227.0,-2394.8499999999767,-0.01199818037074941
OBEROIRLTY,2020-07-29,2020-07-30,365.05,356.65,547.0,-4594.8000000000175,-0.02301054650047948
GODREJPROP,2020-07-31,2020-08-03,936.0,922.5,213.0,-2875.5,-0.014423076923076924
GODREJPROP,2020-08-04,2020-08-05,926.45,903.0,215.0,-5041.75,-0.025311673592746553
OBEROIRLTY,2020-07-31,2020-08-05,348.35,355.0,574.0,3817.0999999999767,0.019089995693985867
DLF,2020-07-15,2020-08-11,137.3,146.9,1456.0,13977.599999999977,0.06991988346686084
GODREJPROP,2020-08-06,2020-08-12,892.0,877.1,224.0,-3337.600000000006,-0.016704035874439437
DLF,2020-08-13,2020-08-17,148.1,146.75,1350.0,-1822.5,-0.009115462525320691
GODREJPROP,2020-08-13,2020-08-17,873.0,871.15,229.0,-423.6499999999942,-0.0021191294387170934
GODREJPROP,2020-08-18,2020-08-20,893.0,863.0,223.0,-6690.0,-0.0335946248600224
DLF,2020-08-19,2020-08-24,157.55,157.8,1269.0,317.25,0.0015867978419549348
GODREJPROP,2020-08-21,2020-08-24,859.5,861.5,232.0,464.0,0.002326934264107039
DLF,2020-08-25,2020-08-26,156.8,159.7,1275.0,3697.5,0.018494897959183527
GODREJPROP,2020-08-25,2020-08-27,856.5,907.0,233.0,11766.5,0.05896088733216579
OBEROIRLTY,2020-08-11,2020-08-27,362.5,393.4,551.0,17025.899999999994,0.08524137931034477
DLF,2020-08-27,2020-08-28,175.3,172.95,1140.0,-2679.0,-0.013405590416429108
GODREJPROP,2020-08-28,2020-08-31,904.0,902.8,221.0,-265.20000000001164,-0.0013274336283186344
OBEROIRLTY,2020-08-31,2020-09-01,392.0,389.0,510.0,-1530.0,-0.007653061224489796
GODREJPROP,2020-09-01,2020-09-02,934.0,922.0,214.0,-2568.0,-0.01284796573875803
DLF,2020-08-31,2020-09-03,157.45,160.0,1270.0,3238.5,0.01619561765639893
GODREJPROP,2020-09-03,2020-09-04,945.95,924.55,211.0,-4515.400000000023,-0.022622760188170717
GODREJPROP,2020-09-07,2020-09-08,896.25,871.0,223.0,-5630.75,-0.02817294281729428
GODREJPROP,2020-09-09,2020-09-10,867.5,876.0,230.0,1955.0,0.009798270893371758
GODREJPROP,2020-09-11,2020-09-14,876.0,906.2,228.0,6885.600000000006,0.03447488584474891
DLF,2020-09-07,2020-09-16,152.75,163.85,1309.0,14529.899999999994,0.07266775777414071
GODREJPROP,2020-09-15,2020-09-16,896.1,903.0,223.0,1538.6999999999825,0.007700033478406402
GODREJPROP,2020-09-17,2020-09-18,904.0,914.55,221.0,2331.5499999999884,0.011670353982300834
DLF,2020-09-17,2020-09-21,156.9,150.9,1274.0,-7644.0,-0.03824091778202677
OBEROIRLTY,2020-09-18,2020-09-21,428.25,412.8,467.0,-7215.149999999994,-0.03607705779334498
DLF,2020-09-22,2020-09-24,148.65,146.6,1345.0,-2757.25,-0.013790783720148074
GODREJPROP,2020-09-21,2020-09-29,855.0,877.0,233.0,5126.0,0.025730994152046785
DLF,2020-09-28,2020-09-30,157.75,152.15,1267.0,-7095.1999999999825,-0.035499207606973025
GODREJPROP,2020-09-30,2020-10-01,858.45,868.15,232.0,2250.399999999965,0.011299435028248508
DLF,2020-10-05,2020-10-06,159.5,162.4,1253.0,3633.7000000000116,0.01818181818181822
GODREJPROP,2020-10-05,2020-10-07,866.05,903.5,230.0,8613.5,0.04324230702615328
DLF,2020-10-07,2020-10-08,158.6,159.5,1261.0,1134.8999999999942,0.005674653215636858
GODREJPROP,2020-10-08,2020-10-09,922.5,910.1,216.0,-2678.399999999994,-0.01344173441734415
DLF,2020-10-09,2020-10-14,157.3,159.15,1271.0,2351.3499999999767,0.011760966306420815
GODREJPROP,2020-10-12,2020-10-14,901.75,877.0,221.0,-5469.75,-0.027446631549764348
GODREJPROP,2020-10-15,2020-10-16,846.0,870.0,236.0,5664.0,0.028368794326241134
DLF,2020-10-16,2020-10-19,163.1,164.75,1226.0,2022.8999999999942,0.01011649294911101
GODREJPROP,2020-10-19,2020-10-20,901.7,936.55,221.0,7701.849999999977,0.03864921814350661
DLF,2020-10-23,2020-10-26,171.0,166.15,1169.0,-5669.649999999994,-0.028362573099415173
OBEROIRLTY,2020-10-20,2020-10-27,467.7,441.8,427.0,-11059.299999999988,-0.05537737866153512
DLF,2020-10-29,2020-10-30,152.55,158.8,1311.0,8193.75,0.04097017371353654
OBEROIRLTY,2020-10-29,2020-10-30,450.7,443.0,443.0,-3411.100000000006,-0.01708453516751717
DLF,2020-11-02,2020-11-03,164.25,163.3,1217.0,-1156.1499999999942,-0.005783866057838591
OBEROIRLTY,2020-11-03,2020-11-04,451.95,443.25,442.0,-3845.399999999994,-0.01924991702621969
DLF,2020-11-04,2020-11-05,162.6,165.45,1230.0,3505.5,0.017527675276752735
GODREJPROP,2020-11-05,2020-11-06,912.95,949.3,219.0,7960.649999999965,0.039815981159975804
OBEROIRLTY,2020-11-05,2020-11-09,434.2,434.3,460.0,46.0,0.00023030861354219885
GODREJPROP,2020-11-10,2020-11-11,954.0,989.6,209.0,7440.399999999994,0.03731656184486375
OBEROIRLTY,2020-11-10,2020-11-12,429.95,435.5,465.0,2580.75,0.012908477729968627
DLF,2020-11-17,2020-11-20,187.3,181.6,1067.0,-6081.900000000023,-0.030432461292044938
DLF,2020-11-24,2020-11-25,189.25,182.25,1056.0,-7392.0,-0.036988110964332896
OBEROIRLTY,2020-11-14,2020-12-03,447.8,534.95,446.0,38868.899999999994,0.19461813309513182
OBEROIRLTY,2020-12-08,2020-12-09,520.0,532.4,384.0,4761.599999999977,0.0238461538461538
DLF,2020-12-10,2020-12-16,217.95,235.35,917.0,15955.799999999988,0.07983482450103238
OBEROIRLTY,2020-12-11,2020-12-16,518.0,535.35,386.0,6697.100000000006,0.03349420849420854
OBEROIRLTY,2020-12-18,2020-12-21,535.8,530.05,373.0,-2144.75,-0.010731616274729378
DLF,2020-12-21,2020-12-23,214.5,227.8,932.0,12395.600000000006,0.06200466200466206
OBEROIRLTY,2020-12-24,2020-12-28,531.8,536.9,376.0,1917.6000000000058,0.009590071455434418
OBEROIRLTY,2021-01-27,2021-01-29,535.25,530.8,373.0,-1659.8500000000058,-0.008313872022419516
OBEROIRLTY,2021-02-01,2021-02-02,537.5,544.0,372.0,2418.0,0.012093023255813953
OBEROIRLTY,2021-03-08,2021-03-09,534.85,532.5,373.0,-876.5500000000175,-0.004393755258483729
OBEROIRLTY,2021-03-10,2021-03-16,536.95,585.0,372.0,17874.599999999977,0.08948691684514377
GODREJPROP,2021-03-15,2021-03-19,1431.45,1320.0,139.0,-15491.550000000017,-0.07785811589646864
DLF,2021-03-17,2021-03-23,291.0,297.3,687.0,4328.100000000006,0.021649484536082512
GODREJPROP,2021-03-22,2021-03-23,1418.25,1434.5,141.0,2291.25,0.011457782478406488
DLF,2021-04-01,2021-04-05,292.0,277.0,684.0,-10260.0,-0.05136986301369863
DLF,2021-04-16,2021-04-19,251.15,235.6,796.0,-12377.799999999988,-0.0619151901254231
OBEROIRLTY,2021-04-19,2021-04-20,540.0,528.85,370.0,-4125.5,-0.020648148148148106
OBEROIRLTY,2021-04-22,2021-04-27,524.05,538.0,381.0,5314.950000000012,0.026619597366663576
OBEROIRLTY,2021-04-28,2021-04-29,545.1,547.95,366.0,1043.1000000000058,0.00522839845899839
OBEROIRLTY,2021-04-30,2021-05-03,543.0,548.0,368.0,1840.0,0.009208103130755065
DLF,2021-04-27,2021-05-07,253.7,257.7,788.0,3152.0,0.015766653527788728
OBEROIRLTY,2021-05-06,2021-05-07,545.8,547.4,366.0,585.6000000000058,0.0029314767314034865
OBEROIRLTY,2021-05-10,2021-05-11,543.2,544.0,368.0,294.3999999999942,0.0014727540500735538
DLF,2021-05-14,2021-05-17,250.4,258.6,798.0,6543.600000000006,0.03274760383386588
OBEROIRLTY,2021-05-14,2021-05-17,536.4,532.5,372.0,-1450.7999999999884,-0.0072706935123042086
GODREJPROP,2021-04-12,2021-06-02,1275.0,1389.05,156.0,17791.79999999999,0.08945098039215682
DLF,2021-05-21,2021-06-03,268.2,297.0,745.0,21456.0,0.10738255033557052
GODREJPROP,2021-06-10,2021-06-14,1435.25,1413.15,139.0,-3071.899999999994,-0.015398014283225856
GODREJPROP,2021-06-15,2021-06-16,1430.0,1406.0,139.0,-3336.0,-0.016783216783216783
GODREJPROP,2021-06-21,2021-06-22,1418.35,1400.0,141.0,-2587.3499999999767,-0.012937568301194987
GODREJPROP,2021-07-06,2021-07-08,1430.05,1451.0,139.0,2912.0500000000175,0.01464983741827212
DLF,2021-06-23,2021-07-09,293.0,301.6,682.0,5865.200000000012,0.029351535836177552
OBEROIRLTY,2021-08-23,2021-08-27,660.0,677.0,303.0,5151.0,0.025757575757575757
GODREJPROP,2021-11-23,2021-11-30,2179.85,1964.0,91.0,-19642.350000000006,-0.09902057481019333
OBEROIRLTY,2021-12-02,2021-12-20,853.0,798.0,234.0,-12870.0,-0.06447831184056271
OBEROIRLTY,2021-12-22,2022-01-06,849.3,907.9,235.0,13771.0,0.06899799835158368
DLF,2021-12-02,2022-01-17,385.3,424.0,519.0,20085.29999999999,0.10044121463794442
GODREJPROP,2022-01-05,2022-01-21,1924.0,1803.75,103.0,-12385.75,-0.0625
GODREJPROP,2022-02-02,2022-02-03,1777.0,1664.7,112.0,-12577.600000000006,-0.06319639842431062
DLF,2022-01-31,2022-02-14,391.9,352.95,510.0,-19864.5,-0.09938759887726459
DLF,2022-02-17,2022-02-18,364.75,359.4,548.0,-2931.8000000000175,-0.01466758053461281
DLF,2022-02-24,2022-02-25,319.25,349.4,626.0,18873.899999999994,0.09444009397024268
OBEROIRLTY,2022-02-14,2022-02-28,862.0,907.7,232.0,10602.400000000023,0.053016241299304
GODREJPROP,2022-02-24,2022-03-03,1445.05,1541.75,138.0,13344.600000000006,0.06691809971973292
GODREJPROP,2022-03-04,2022-03-07,1466.0,1377.0,136.0,-12104.0,-0.06070941336971351
OBEROIRLTY,2022-03-04,2022-03-07,845.25,787.0,236.0,-13747.0,-0.0689145223306714
GODREJPROP,2022-03-08,2022-03-09,1426.0,1464.0,140.0,5320.0,0.02664796633941094
GODREJPROP,2022-03-15,2022-03-16,1466.95,1526.0,136.0,8030.799999999988,0.04025358737516613
DLF,2022-03-17,2022-03-22,362.5,358.7,551.0,-2093.8000000000175,-0.010482758620689687
DLF,2022-03-25,2022-05-04,365.0,349.7,547.0,-8369.100000000006,-0.041917808219178114
GODREJPROP,2022-05-05,2022-05-09,1459.9,1392.0,136.0,-9234.400000000023,-0.046510034933899644
DLF,2022-05-10,2022-05-11,317.2,327.0,630.0,6174.0,0.030895334174022737
GODREJPROP,2022-05-10,2022-05-11,1358.0,1387.0,147.0,4263.0,0.021354933726067747
OBEROIRLTY,2022-05-09,2022-05-12,863.0,824.85,231.0,-8812.649999999994,-0.04420625724217842
DLF,2022-05-13,2022-05-16,318.9,327.3,627.0,5266.8000000000175,0.026340545625588067
GODREJPROP,2022-05-13,2022-05-17,1344.0,1416.3,148.0,10700.399999999994,0.053794642857142826
OBEROIRLTY,2022-05-16,2022-05-18,808.0,818.0,247.0,2470.0,0.012376237623762377
DLF,2022-05-19,2022-05-20,321.0,331.3,623.0,6416.899999999994,0.032087227414330254
GODREJPROP,2022-05-18,2022-05-25,1360.95,1271.0,146.0,-13132.700000000012,-0.06609353760241012
OBEROIRLTY,2022-05-19,2022-05-25,788.0,757.0,253.0,-7843.0,-0.03934010152284264
DLF,2022-05-25,2022-05-26,308.15,320.2,649.0,7820.450000000012,0.039104332305695315
OBEROIRLTY,2022-05-26,2022-05-27,779.8,752.5,256.0,-6988.799999999988,-0.03500897666068217
GODREJPROP,2022-05-30,2022-05-31,1357.0,1398.0,147.0,6027.0,0.03021370670596905
OBEROIRLTY,2022-05-30,2022-06-03,797.0,760.0,250.0,-9250.0,-0.04642409033877039
DLF,2022-06-07,2022-06-08,318.35,325.65,628.0,4584.399999999965,0.02293073661064851
GODREJPROP,2022-06-03,2022-06-13,1357.9,1248.45,147.0,-16089.150000000023,-0.08060240076588854
DLF,2022-06-10,2022-06-14,321.75,314.0,621.0,-4812.75,-0.024087024087024088
