support_resistance_model_trade_report/trades_report_nifty_realty.csv
stock,buy_date,sell_date,buy_price,sell_price,quantity,profit,profit_percent
OBEROIRLTY,2022-06-07,2022-06-16,764.0,757.95,261.0,-1579.0499999999884,-0.007918848167539207
DLF,2022-06-15,2022-06-20,316.5,298.5,631.0,-11358.0,-0.05687203791469194
GODREJPROP,2022-06-14,2022-06-20,1243.2,1151.7,160.0,-14640.0,-0.07360038610038609
OBEROIRLTY,2022-06-21,2022-06-22,766.0,753.6,261.0,-3236.399999999994,-0.01618798955613574
DLF,2022-06-22,2022-06-24,303.7,315.5,658.0,7764.399999999994,0.03885413236746794
DLF,2022-06-27,2022-06-28,318.0,319.6,628.0,1004.8000000000175,0.005031446540880575
DLF,2022-06-29,2022-07-06,317.1,329.0,630.0,7497.0,0.037527593818984475
OBEROIRLTY,2022-06-30,2022-07-07,730.0,793.0,273.0,17199.0,0.0863013698630137
OBEROIRLTY,2022-07-08,2022-07-11,802.3,819.0,249.0,4158.3000000000175,0.020815156425277384
OBEROIRLTY,2022-07-13,2022-07-14,840.6,831.5,237.0,-2156.7000000000116,-0.01082560076136096
GODREJPROP,2022-06-21,2022-07-19,1210.0,1385.0,165.0,28875.0,0.1446280991735537
DLF,2022-07-19,2022-07-21,359.0,360.5,557.0,835.5,0.004178272980501393
GODREJPROP,2022-07-21,2022-07-22,1442.0,1446.8,138.0,662.3999999999942,0.003328710124826598
DLF,2022-07-22,2022-07-25,359.85,356.5,555.0,-1859.25,-0.009309434486591698
GODREJPROP,2022-07-25,2022-07-26,1431.0,1406.0,139.0,-3475.0,-0.017470300489168415
GODREJPROP,2022-07-27,2022-07-28,1435.0,1458.0,139.0,3197.0,0.01602787456445993
OBEROIRLTY,2022-07-15,2022-07-29,845.45,910.0,236.0,15233.799999999988,0.0763498728487787
GODREJPROP,2022-07-29,2022-08-01,1513.0,1514.7,132.0,224.39999999999418,0.0011235955056180076
GODREJPROP,2022-08-02,2022-08-03,1459.9,1422.3,136.0,-5113.600000000035,-0.025755188711555677
GODREJPROP,2022-08-10,2022-08-17,1349.0,1388.15,148.0,5794.200000000012,0.02902149740548561
GODREJPROP,2022-08-18,2022-08-22,1411.0,1300.85,141.0,-15531.150000000023,-0.07806520198440829
GODREJPROP,2022-08-23,2022-08-26,1325.0,1384.0,150.0,8850.0,0.04452830188679245
DLF,2022-07-26,2022-08-30,360.0,389.85,555.0,16566.75,0.08291666666666674
GODREJPROP,2022-08-29,2022-08-30,1350.15,1411.0,148.0,9005.799999999988,0.045069066400029556
GODREJPROP,2022-09-01,2022-09-02,1426.0,1423.95,140.0,-287.0,-0.0014375876577839793
GODREJPROP,2022-09-05,2022-09-06,1428.0,1422.5,140.0,-770.0,-0.003851540616246499
GODREJPROP,2022-09-07,2022-09-08,1435.95,1420.1,139.0,-2203.1500000000233,-0.011037988787910537
GODREJPROP,2022-09-12,2022-09-13,1456.1,1442.0,137.0,-1931.6999999999825,-0.009683400865325122
GODREJPROP,2022-09-14,2022-09-15,1413.5,1386.0,141.0,-3877.5,-0.019455252918287938
DLF,2022-09-16,2022-09-20,387.0,390.45,516.0,1780.1999999999825,0.008914728682170513
GODREJPROP,2022-09-16,2022-09-22,1331.6,1259.8,150.0,-10770.0,-0.05392009612496242
GODREJPROP,2022-09-23,2022-09-26,1229.0,1164.0,162.0,-10530.0,-0.05288852725793328
DLF,2022-09-30,2022-10-03,357.0,348.0,560.0,-5040.0,-0.025210084033613446
DLF,2022-10-04,2022-10-11,359.1,357.95,556.0,-639.4000000000233,-0.0032024505708717183
DLF,2022-10-12,2022-10-13,365.8,362.45,546.0,-1829.100000000035,-0.009158009841443474
DLF,2022-10-14,2022-10-17,358.2,360.0,558.0,1004.3999999999942,0.005025125628140736
GODREJPROP,2022-09-30,2022-10-27,1196.85,1244.2,167.0,7907.450000000012,0.039562184066508035
OBEROIRLTY,2022-10-17,2022-10-28,856.5,906.0,233.0,11533.5,0.05779334500875657
DLF,2022-10-28,2022-11-01,384.75,388.35,519.0,1868.4000000000233,0.00935672514619889
GODREJPROP,2022-10-28,2022-11-02,1240.0,1243.0,161.0,483.0,0.0024193548387096775
DLF,2022-11-02,2022-11-07,385.0,397.0,519.0,6228.0,0.03116883116883117
GODREJPROP,2022-11-03,2022-11-07,1246.15,1258.0,160.0,1896.0,0.009509288608915386
DLF,2022-11-10,2022-11-14,391.0,406.05,511.0,7690.5500000000175,0.03849104859335041
OBEROIRLTY,2022-11-10,2022-11-14,876.9,915.15,228.0,8721.0,0.04361956893602463
GODREJPROP,2022-11-10,2022-11-21,1239.0,1255.55,161.0,2664.5499999999884,0.013357546408393829
DLF,2022-11-22,2022-11-23,391.3,390.55,511.0,-383.25,-0.001916687963199591
DLF,2022-11-24,2022-11-25,392.05,395.9,510.0,1963.5,0.009820175997959356
OBEROIRLTY,2022-11-23,2022-11-28,882.0,906.85,226.0,5616.100000000006,0.0281746031746032
GODREJPROP,2022-11-22,2022-11-30,1265.35,1307.0,158.0,6580.700000000012,0.03291579404907741
DLF,2022-11-29,2022-12-01,391.5,412.0,510.0,10455.0,0.05236270753512133
GODREJPROP,2022-12-01,2022-12-02,1330.15,1332.6,150.0,367.5,0.0018418975303535826
GODREJPROP,2022-12-05,2022-12-07,1354.5,1309.5,147.0,-6615.0,-0.03322259136212625
GODREJPROP,2022-12-09,2022-12-14,1276.0,1332.0,156.0,8736.0,0.0438871473354232
GODREJPROP,2022-12-16,2022-12-19,1291.0,1312.9,154.0,3372.600000000006,0.0169635941130907
GODREJPROP,2022-12-20,2022-12-21,1275.5,1256.4,156.0,-2979.5999999999767,-0.014974519796158298
DLF,2022-12-20,2022-12-23,389.3,355.65,513.0,-17262.45000000001,-0.08643719496532246
OBEROIRLTY,2022-12-16,2022-12-23,867.4,811.7,230.0,-12811.0,-0.06421489508877096
GODREJPROP,2022-12-22,2022-12-27,1224.8,1235.3,163.0,1711.5,0.00857282821685173
GODREJPROP,2022-12-28,2023-01-02,1230.0,1240.0,162.0,1620.0,0.008130081300813009
GODREJPROP,2023-01-03,2023-01-12,1239.15,1238.0,161.0,-185.15000000002328,-0.0009280555219304288
GODREJPROP,2023-01-13,2023-01-16,1244.4,1242.0,160.0,-384.0,-0.0019286403085825223
GODREJPROP,2023-01-17,2023-01-18,1239.95,1249.0,161.0,1457.0499999999884,0.007298681398443449
OBEROIRLTY,2022-12-26,2023-01-20,834.0,829.0,239.0,-1195.0,-0.005995203836930456
OBEROIRLTY,2023-01-23,2023-01-24,829.25,826.25,241.0,-723.0,-0.0036177268616219473
DLF,2023-01-24,2023-01-25,364.95,352.5,548.0,-6822.600000000006,-0.0341142622277024
GODREJPROP,2023-01-19,2023-01-27,1255.0,1189.95,159.0,-10342.949999999983,-0.05183266932270913
DLF,2023-01-27,2023-01-30,356.65,353.2,560.0,-1932.0,-0.009673349221926227
OBEROIRLTY,2023-01-27,2023-01-30,799.6,801.0,250.0,350.0,0.0017508754377188308
DLF,2023-01-31,2023-02-01,356.0,347.5,561.0,-4768.5,-0.023876404494382022
OBEROIRLTY,2023-02-02,2023-02-03,844.3,825.0,236.0,-4554.799999999988,-0.022859173279639884
DLF,2023-02-02,2023-02-07,353.5,356.2,565.0,1525.5,0.007637906647807606
DLF,2023-02-08,2023-02-09,360.9,356.7,554.0,-2326.7999999999884,-0.011637572734829562
DLF,2023-02-10,2023-02-13,361.3,357.1,553.0,-2322.5999999999767,-0.011624688624411815
DLF,2023-02-14,2023-02-15,353.1,361.15,566.0,4556.299999999988,0.02279807419994323
OBEROIRLTY,2023-02-07,2023-02-16,829.0,883.3,241.0,13086.299999999988,0.06550060313630875
DLF,2023-02-17,2023-02-21,364.25,356.7,549.0,-4144.950000000012,-0.020727522306108474
GODREJPROP,2023-01-30,2023-02-22,1168.0,1104.0,171.0,-10944.0,-0.0547945205479452
DLF,2023-02-23,2023-02-24,343.95,346.8,581.0,1655.850000000035,0.008286088094199805
DLF,2023-02-27,2023-02-28,350.1,350.75,571.0,371.1499999999942,0.0018566123964580898
DLF,2023-03-01,2023-03-03,354.6,359.55,564.0,2791.7999999999884,0.01395939086294413
OBEROIRLTY,2023-02-17,2023-03-03,857.9,891.0,233.0,7712.3000000000175,0.03858258538291179
DLF,2023-03-06,2023-03-08,359.5,361.3,556.0,1000.8000000000175,0.0050069541029207545
OBEROIRLTY,2023-03-06,2023-03-08,883.1,905.5,226.0,5062.399999999994,0.025365190805118308
DLF,2023-03-09,2023-03-10,357.2,350.0,559.0,-4024.7999999999884,-0.020156774916013406
DLF,2023-03-13,2023-03-14,342.0,347.15,584.0,3007.5999999999767,0.015058479532163676
DLF,2023-03-15,2023-03-16,343.0,361.0,583.0,10494.0,0.052478134110787174
GODREJPROP,2023-03-01,2023-03-24,1118.0,1040.95,178.0,-13714.899999999994,-0.06891771019677992
DLF,2023-03-23,2023-03-27,366.6,348.75,545.0,-9728.25,-0.04869067103109662
OBEROIRLTY,2023-03-10,2023-03-27,877.95,821.15,227.0,-12893.600000000035,-0.06469616720769983
DLF,2023-03-28,2023-03-29,348.5,352.8,573.0,2463.899999999994,0.012338593974175069
OBEROIRLTY,2023-03-28,2023-03-29,820.0,831.0,243.0,2673.0,0.013414634146341463
DLF,2023-03-31,2023-04-03,356.0,361.0,561.0,2805.0,0.014044943820224719
DLF,2023-04-05,2023-04-06,366.35,382.9,545.0,9019.75,0.04517537873618112
OBEROIRLTY,2023-03-31,2023-04-06,842.0,896.0,237.0,12798.0,0.06413301662707839
GODREJPROP,2023-04-05,2023-04-10,1055.0,1222.55,189.0,31666.949999999983,0.15881516587677721
GODREJPROP,2023-04-11,2023-04-12,1233.9,1248.05,162.0,2292.2999999999884,0.01146770402787897
GODREJPROP,2023-04-13,2023-04-21,1284.9,1272.0,155.0,-1999.5,-0.010039691804809783
OBEROIRLTY,2023-04-21,2023-04-24,873.5,877.0,228.0,798.0,0.004006868918145392
GODREJPROP,2023-04-24,2023-04-27,1283.0,1320.0,155.0,5735.0,0.028838659392049885
GODREJPROP,2023-05-08,2023-05-09,1341.95,1324.15,149.0,-2652.2000000000116,-0.013264279593129367
GODREJPROP,2023-05-10,2023-05-11,1335.0,1333.0,149.0,-298.0,-0.00149812734082397
GODREJPROP,2023-05-12,2023-05-18,1336.0,1306.0,149.0,-4470.0,-0.02245508982035928
GODREJPROP,2023-05-22,2023-05-25,1344.0,1363.0,148.0,2812.0,0.014136904761904762
GODREJPROP,2023-06-02,2023-06-05,1438.0,1417.65,139.0,-2828.649999999994,-0.014151599443671703
GODREJPROP,2023-06-06,2023-06-08,1422.55,1430.0,140.0,1043.0,0.00523707426803982
GODREJPROP,2023-06-13,2023-06-16,1471.0,1533.0,135.0,8370.0,0.04214819850441876
GODREJPROP,2023-06-22,2023-06-23,1494.0,1496.45,133.0,325.8500000000058,0.0016398929049531764
DLF,2023-07-26,2023-07-27,486.8,511.0,410.0,9922.0,0.049712407559572694
GODREJPROP,2023-07-28,2023-08-01,1750.0,1694.0,114.0,-6384.0,-0.032
GODREJPROP,2023-08-11,2023-08-18,1518.0,1521.25,131.0,425.75,0.0021409749670619235
DLF,2023-08-03,2023-08-31,487.9,504.55,409.0,6809.850000000035,0.03412584546013535
OBEROIRLTY,2023-10-23,2023-10-27,1081.25,1097.0,184.0,2898.0,0.014566473988439306
